Raddek
dodane
dodane
dodane
dośdane
dośdane
dośdane
dośdane
dośdane
dośdane
